task> taski 10
Task manager is initialized (10)

task> taskn -r 10
Task node inserted: (gpcbg, 8861)
Task node inserted: (ibqbz, 4829)
Task node inserted: (pwubv, 8968)
Task node inserted: (zemvj, 3373)
Task node inserted: (jwjeh, 8761)
Task node inserted: (oolqq, 7097)
Task node inserted: (nzuea, 7576)
Task node inserted: (rqqls, 4760)
Task node inserted: (isruo, 142)
Task node inserted: (dxwmb, 1596)
... 10 new task nodes are added.

task> taskq -heap
(isruo, 142)
(dxwmb, 1596)
(oolqq, 7097)
(rqqls, 4760)
(zemvj, 3373)
(pwubv, 8968)
(nzuea, 7576)
(gpcbg, 8861)
(ibqbz, 4829)
(jwjeh, 8761)
Number of tasks: 10

task> taska 100
Task assignment succeeds...
Updating min: (isruo, 242)

task> taskq -heap
(isruo, 242)
(dxwmb, 1596)
(oolqq, 7097)
(rqqls, 4760)
(zemvj, 3373)
(pwubv, 8968)
(nzuea, 7576)
(gpcbg, 8861)
(ibqbz, 4829)
(jwjeh, 8761)
Number of tasks: 10

task> taska 1000
Task assignment succeeds...
Updating min: (isruo, 1242)

task> taskq -heap
(isruo, 1242)
(dxwmb, 1596)
(oolqq, 7097)
(rqqls, 4760)
(zemvj, 3373)
(pwubv, 8968)
(nzuea, 7576)
(gpcbg, 8861)
(ibqbz, 4829)
(jwjeh, 8761)
Number of tasks: 10

task> taska 1000 -r 10
Task assignment succeeds...
Updating min: (dxwmb, 1596)
Task assignment succeeds...
Updating min: (isruo, 2242)
Task assignment succeeds...
Updating min: (dxwmb, 2596)
Task assignment succeeds...
Updating min: (isruo, 3242)
Task assignment succeeds...
Updating min: (zemvj, 3373)
Task assignment succeeds...
Updating min: (dxwmb, 3596)
Task assignment succeeds...
Updating min: (isruo, 4242)
Task assignment succeeds...
Updating min: (zemvj, 4373)
Task assignment succeeds...
Updating min: (dxwmb, 4596)
Task assignment succeeds...
Updating min: (rqqls, 4760)

task> taskq -heap
(rqqls, 4760)
(ibqbz, 4829)
(oolqq, 7097)
(zemvj, 5373)
(isruo, 5242)
(pwubv, 8968)
(nzuea, 7576)
(gpcbg, 8861)
(jwjeh, 8761)
(dxwmb, 5596)
Number of tasks: 10

task> q -f

