task> taski 15
Task manager is initialized (15)

task> taskn -r 15
Task node inserted: (gpcbgx, 6761)
Task node inserted: (bqbzmp, 17651)
Task node inserted: (ubvxze, 9276)
Task node inserted: (vjijwj, 3250)
Task node inserted: (hwoolq, 12508)
Task node inserted: (snzuea, 15153)
Task node inserted: (rqqlsm, 6720)
Task node inserted: (sruoad, 18086)
Task node inserted: (wmbejq, 14364)
Task node inserted: (vhinvh, 6192)
Task node inserted: (zibrzs, 1934)
Task node inserted: (selkwg, 18728)
Task node inserted: (wjvtwx, 17845)
Task node inserted: (fnpavy, 11262)
Task node inserted: (qgwqpy, 5639)
... 15 new task nodes are added.

task> taskq -hash
(gpcbgx, 6761)
(wmbejq, 14364)
(qgwqpy, 5639)
(rqqlsm, 6720)
(wjvtwx, 17845)
(hwoolq, 12508)
(bqbzmp, 17651)
(selkwg, 18728)
(snzuea, 15153)
(vhinvh, 6192)
(zibrzs, 1934)
(ubvxze, 9276)
(vjijwj, 3250)
(fnpavy, 11262)
(sruoad, 18086)
Number of tasks: 15

task> taskq -heap
(zibrzs, 1934)
(vjijwj, 3250)
(qgwqpy, 5639)
(wmbejq, 14364)
(vhinvh, 6192)
(snzuea, 15153)
(rqqlsm, 6720)
(sruoad, 18086)
(bqbzmp, 17651)
(hwoolq, 12508)
(gpcbgx, 6761)
(selkwg, 18728)
(wjvtwx, 17845)
(fnpavy, 11262)
(ubvxze, 9276)
Number of tasks: 15

task> q -f

