fraig> cirr sim10.aag

fraig> cirg 497 -fanin 1
AIG 497
  AIG 411
  !AIG 496

fraig> cirg 498 -fanin 1
AIG 498
  !AIG 411
  AIG 496

fraig> cirstr
Strashing: 90 merging 56...
Strashing: 82 merging 48...
Strashing: 66 merging 28...
Strashing: 74 merging 38...
Strashing: 559 merging 551...
Strashing: 47 merging 167...
Strashing: 26 merging 144...
Strashing: 22 merging 138...
Strashing: 18 merging 132...
Strashing: 14 merging 126...
Strashing: 10 merging 120...
Strashing: 6 merging 114...
Strashing: 65 merging 186...
Strashing: 37 merging 156...
Strashing: 213 merging 178...
Strashing: 205 merging 170...
Strashing: 189 merging 148...
Strashing: 197 merging 159...
Strashing: 586 merging 314...
Strashing: 544 merging 304...
Strashing: 539 merging 423...
Strashing: 587 merging 412...
Strashing: 676 merging 668...
Strashing: 502 merging 411...
Strashing: 621 merging 496...
Strashing: 233 merging 105...
Strashing: 280 merging 228...
Strashing: 337 merging 277...
Strashing: 414 merging 332...

fraig> cirg 497 -fanin 1
AIG 497
  AIG 502
  !AIG 621

fraig> cirg 498 -fanin 1
AIG 498
  !AIG 502
  AIG 621

fraig> cirr -r sim10.aag

fraig> cirg 497 -fanin 1
AIG 497
  AIG 411
  !AIG 496

fraig> cirg 498 -fanin 1
AIG 498
  !AIG 411
  AIG 496

fraig> ciropt
Simplifying: 46 merging !47...
Simplifying: 25 merging !26...
Simplifying: 21 merging !22...
Simplifying: 17 merging !18...
Simplifying: 13 merging !14...
Simplifying: 9 merging !10...
Simplifying: 5 merging !6...
Simplifying: 64 merging !65...
Simplifying: 36 merging !37...
Simplifying: 104 merging 233...
Simplifying: 263 merging 588...
Simplifying: 276 merging !337...
Simplifying: 410 merging 502...
Simplifying: 261 merging !586...
Simplifying: 336 merging !587...
Simplifying: 530 merging !531...
Simplifying: 530 merging !532...
Simplifying: 253 merging !544...
Simplifying: 345 merging !539...
Simplifying: 7 merging 540...
Simplifying: 527 merging 534...
Simplifying: 537 merging 538...
Simplifying: 515 merging 584...
Simplifying: 46 merging !167...
Simplifying: 46 merging !168...
Simplifying: 46 merging !169...
Simplifying: 2 merging !108...
Simplifying: 2 merging !109...
Simplifying: 24 merging !142...
Simplifying: 24 merging !143...
Simplifying: 25 merging !144...
Simplifying: 25 merging !145...
Simplifying: 25 merging !146...
Simplifying: 20 merging !136...
Simplifying: 20 merging !137...
Simplifying: 21 merging !138...
Simplifying: 21 merging !139...
Simplifying: 21 merging !140...
Simplifying: 16 merging !130...
Simplifying: 16 merging !131...
Simplifying: 17 merging !132...
Simplifying: 17 merging !133...
Simplifying: 17 merging !134...
Simplifying: 12 merging !124...
Simplifying: 12 merging !125...
Simplifying: 13 merging !126...
Simplifying: 13 merging !127...
Simplifying: 13 merging !128...
Simplifying: 8 merging !118...
Simplifying: 8 merging !119...
Simplifying: 9 merging !120...
Simplifying: 9 merging !121...
Simplifying: 9 merging !122...
Simplifying: 4 merging !112...
Simplifying: 4 merging !113...
Simplifying: 5 merging !114...
Simplifying: 5 merging !115...
Simplifying: 5 merging !116...
Simplifying: 64 merging !186...
Simplifying: 64 merging !187...
Simplifying: 64 merging !188...
Simplifying: 36 merging !156...
Simplifying: 36 merging !157...
Simplifying: 36 merging !158...
Simplifying: 1 merging !106...
Simplifying: 1 merging !107...
Simplifying: 3 merging !110...
Simplifying: 3 merging !111...
Simplifying: 227 merging 280...
Simplifying: 317 merging 704...
Simplifying: 360 merging !441...
Simplifying: 360 merging !442...
Simplifying: 265 merging !319...
Simplifying: 265 merging !320...
Simplifying: 261 merging !314...
Simplifying: 261 merging !315...
Simplifying: 257 merging !309...
Simplifying: 257 merging !310...
Simplifying: 253 merging !304...
Simplifying: 253 merging !305...
Simplifying: 249 merging !299...
Simplifying: 249 merging !300...
Simplifying: 245 merging !294...
Simplifying: 245 merging !295...
Simplifying: 241 merging !289...
Simplifying: 241 merging !290...
Simplifying: 232 merging !278...
Simplifying: 232 merging !279...
Simplifying: 237 merging !284...
Simplifying: 237 merging !285...
Simplifying: 331 merging !414...
Simplifying: 370 merging !453...
Simplifying: 370 merging !454...
Simplifying: 365 merging !447...
Simplifying: 365 merging !448...
Simplifying: 355 merging !435...
Simplifying: 355 merging !436...
Simplifying: 350 merging !429...
Simplifying: 350 merging !430...
Simplifying: 345 merging !423...
Simplifying: 345 merging !424...
Simplifying: 341 merging !418...
Simplifying: 341 merging !419...
Simplifying: 336 merging !412...
Simplifying: 336 merging !413...
Simplifying: 382 merging !466...
Simplifying: 382 merging !467...
Simplifying: 495 merging 621...
Simplifying: 261 merging !702...
Simplifying: 336 merging !703...
Simplifying: 649 merging 650...
Simplifying: 253 merging !661...
Simplifying: 345 merging !656...
Simplifying: 117 merging 657...
Simplifying: 646 merging 652...
Simplifying: 634 merging 700...
Simplifying: 579 merging 580...
Simplifying: 521 merging 533...
Simplifying: 640 merging 651...
Simplifying: 609 merging 610...
Simplifying: 582 merging 583...
Simplifying: 614 merging 615...
Simplifying: 725 merging 726...
Simplifying: 698 merging 699...
Simplifying: 410 merging 411...
Simplifying: 495 merging 496...
Simplifying: 104 merging 105...
Simplifying: 227 merging 228...
Simplifying: 276 merging !277...
Simplifying: 331 merging !332...
Simplifying: 751 merging 752...

fraig> cirstr
Strashing: 90 merging 56...
Strashing: 82 merging 48...
Strashing: 66 merging 28...
Strashing: 74 merging 38...
Strashing: 559 merging 551...
Strashing: 27 merging 147...
Strashing: 23 merging 141...
Strashing: 19 merging 135...
Strashing: 15 merging 129...
Strashing: 11 merging 123...
Strashing: 7 merging 117...
Strashing: 90 merging 213...
Strashing: 91 merging 214...
Strashing: 92 merging 215...
Strashing: 93 merging 216...
Strashing: 94 merging 217...
Strashing: 95 merging 218...
Strashing: 96 merging 219...
Strashing: 97 merging 220...
Strashing: 82 merging 205...
Strashing: 83 merging 206...
Strashing: 84 merging 207...
Strashing: 85 merging 208...
Strashing: 86 merging 209...
Strashing: 87 merging 210...
Strashing: 88 merging 211...
Strashing: 89 merging 212...
Strashing: 74 merging 197...
Strashing: 75 merging 198...
Strashing: 76 merging 199...
Strashing: 77 merging 200...
Strashing: 78 merging 201...
Strashing: 79 merging 202...
Strashing: 80 merging 203...
Strashing: 81 merging 204...
Strashing: 66 merging 189...
Strashing: 67 merging 190...
Strashing: 68 merging 191...
Strashing: 69 merging 192...
Strashing: 70 merging 193...
Strashing: 71 merging 194...
Strashing: 72 merging 195...
Strashing: 73 merging 196...
Strashing: 90 merging 178...
Strashing: 57 merging 179...
Strashing: 58 merging 180...
Strashing: 59 merging 181...
Strashing: 60 merging 182...
Strashing: 61 merging 183...
Strashing: 62 merging 184...
Strashing: 63 merging 185...
Strashing: 82 merging 170...
Strashing: 49 merging 171...
Strashing: 50 merging 172...
Strashing: 51 merging 173...
Strashing: 52 merging 174...
Strashing: 53 merging 175...
Strashing: 54 merging 176...
Strashing: 55 merging 177...
Strashing: 66 merging 148...
Strashing: 29 merging 149...
Strashing: 30 merging 150...
Strashing: 31 merging 151...
Strashing: 32 merging 152...
Strashing: 33 merging 153...
Strashing: 34 merging 154...
Strashing: 35 merging 155...
Strashing: 74 merging 159...
Strashing: 39 merging 160...
Strashing: 40 merging 161...
Strashing: 41 merging 162...
Strashing: 42 merging 163...
Strashing: 43 merging 164...
Strashing: 44 merging 165...
Strashing: 45 merging 166...
Strashing: 98 merging 221...
Strashing: 99 merging 222...
Strashing: 100 merging 223...
Strashing: 101 merging 224...
Strashing: 102 merging 225...
Strashing: 103 merging 226...
Strashing: 104 merging 227...
Strashing: 262 merging 316...
Strashing: 263 merging 317...
Strashing: 266 merging 321...
Strashing: 267 merging 322...
Strashing: 268 merging 323...
Strashing: 264 merging 318...
Strashing: 258 merging 311...
Strashing: 259 merging 312...
Strashing: 260 merging 313...
Strashing: 254 merging 306...
Strashing: 255 merging 307...
Strashing: 256 merging 308...
Strashing: 250 merging 301...
Strashing: 251 merging 302...
Strashing: 252 merging 303...
Strashing: 246 merging 296...
Strashing: 247 merging 297...
Strashing: 248 merging 298...
Strashing: 242 merging 291...
Strashing: 243 merging 292...
Strashing: 244 merging 293...
Strashing: 234 merging 281...
Strashing: 235 merging 282...
Strashing: 236 merging 283...
Strashing: 238 merging 286...
Strashing: 239 merging 287...
Strashing: 240 merging 288...
Strashing: 269 merging 324...
Strashing: 270 merging 325...
Strashing: 271 merging 326...
Strashing: 272 merging 327...
Strashing: 273 merging 328...
Strashing: 274 merging 329...
Strashing: 275 merging 330...
Strashing: 276 merging 331...
Strashing: 371 merging 455...
Strashing: 372 merging 456...
Strashing: 373 merging 457...
Strashing: 366 merging 449...
Strashing: 367 merging 450...
Strashing: 368 merging 451...
Strashing: 369 merging 452...
Strashing: 361 merging 443...
Strashing: 362 merging 444...
Strashing: 363 merging 445...
Strashing: 364 merging 446...
Strashing: 356 merging 437...
Strashing: 357 merging 438...
Strashing: 358 merging 439...
Strashing: 359 merging 440...
Strashing: 351 merging 431...
Strashing: 352 merging 432...
Strashing: 353 merging 433...
Strashing: 354 merging 434...
Strashing: 346 merging 425...
Strashing: 347 merging 426...
Strashing: 348 merging 427...
Strashing: 349 merging 428...
Strashing: 342 merging 420...
Strashing: 343 merging 421...
Strashing: 344 merging 422...
Strashing: 338 merging 415...
Strashing: 339 merging 416...
Strashing: 340 merging 417...
Strashing: 399 merging 484...
Strashing: 400 merging 485...
Strashing: 401 merging 486...
Strashing: 402 merging 487...
Strashing: 403 merging 488...
Strashing: 404 merging 489...
Strashing: 405 merging 490...
Strashing: 406 merging 491...
Strashing: 407 merging 492...
Strashing: 391 merging 476...
Strashing: 392 merging 477...
Strashing: 393 merging 478...
Strashing: 394 merging 479...
Strashing: 395 merging 480...
Strashing: 396 merging 481...
Strashing: 397 merging 482...
Strashing: 398 merging 483...
Strashing: 374 merging 458...
Strashing: 375 merging 459...
Strashing: 376 merging 460...
Strashing: 377 merging 461...
Strashing: 378 merging 462...
Strashing: 379 merging 463...
Strashing: 380 merging 464...
Strashing: 381 merging 465...
Strashing: 383 merging 468...
Strashing: 384 merging 469...
Strashing: 385 merging 470...
Strashing: 386 merging 471...
Strashing: 387 merging 472...
Strashing: 388 merging 473...
Strashing: 389 merging 474...
Strashing: 390 merging 475...
Strashing: 408 merging 493...
Strashing: 409 merging 494...
Strashing: 410 merging 495...
Strashing: 518 merging 637...
Strashing: 517 merging 636...
Strashing: 516 merging 635...
Strashing: 519 merging 638...
Strashing: 520 merging 639...
Strashing: 521 merging 640...
Strashing: 576 merging 693...
Strashing: 575 merging 692...
Strashing: 577 merging 694...
Strashing: 578 merging 695...
Strashing: 601 merging 717...
Strashing: 602 merging 718...
Strashing: 603 merging 719...
Strashing: 604 merging 720...
Strashing: 597 merging 713...
Strashing: 598 merging 714...
Strashing: 599 merging 715...
Strashing: 600 merging 716...
Strashing: 593 merging 709...
Strashing: 594 merging 710...
Strashing: 595 merging 711...
Strashing: 596 merging 712...
Strashing: 589 merging 705...
Strashing: 590 merging 706...
Strashing: 591 merging 707...
Strashing: 592 merging 708...
Strashing: 524 merging 643...
Strashing: 523 merging 642...
Strashing: 522 merging 641...
Strashing: 525 merging 644...
Strashing: 526 merging 645...
Strashing: 527 merging 646...
Strashing: 506 merging 625...
Strashing: 505 merging 624...
Strashing: 504 merging 623...
Strashing: 507 merging 626...
Strashing: 508 merging 627...
Strashing: 509 merging 628...
Strashing: 512 merging 631...
Strashing: 511 merging 630...
Strashing: 510 merging 629...
Strashing: 513 merging 632...
Strashing: 514 merging 633...
Strashing: 515 merging 634...
Strashing: 528 merging 647...
Strashing: 529 merging 648...
Strashing: 530 merging 649...
Strashing: 559 merging 676...
Strashing: 555 merging 672...
Strashing: 559 merging 668...
Strashing: 552 merging 669...
Strashing: 535 merging 653...
Strashing: 585 merging 701...
Strashing: 503 merging 622...
Strashing: 500 merging 619...
Strashing: 501 merging 620...
Strashing: 616 merging 731...
Strashing: 617 merging 732...
Strashing: 497 merging 498...
Strashing: 229 merging 230...
Strashing: 333 merging 334...

fraig> cirg 497 -fanin 1
AIG 497
  AIG 410
  !AIG 410

fraig> cirg 498 -fanin 1

fraig> q -f

