fraig> cirr opt00.aag

fraig> cirp

Circuit Statistics
==================
  PI           1
  PO           1
  AIG          1
------------------
  Total        3

fraig> cirp -pi
PIs of the circuit: 1

fraig> cirp -po
POs of the circuit: 3

fraig> cirp -n

[0] CONST0
[1] AIG 2 !0 !0
[2] PO  3 2

fraig> cirp -fl
Gates defined but not used  : 1

fraig> cirw
aag 2 1 0 1 1
2
4
4 1 1
c
AAG output by Chung-Yang (Ric) Huang

fraig> ciropt
Simplifying: 0 merging !2...

fraig> cirp

Circuit Statistics
==================
  PI           1
  PO           1
  AIG          0
------------------
  Total        2

fraig> cirp -pi
PIs of the circuit: 1

fraig> cirp -po
POs of the circuit: 3

fraig> cirp -n

[0] CONST0
[1] PO  3 !0

fraig> cirp -fl
Gates defined but not used  : 1

fraig> cirw
aag 2 1 0 1 0
2
1
c
AAG output by Chung-Yang (Ric) Huang

fraig> q -f

